============================= test session starts =============================
platform win32 -- Python 3.13.3, pytest-9.0.2, pluggy-1.6.0 -- C:\Users\matte\AppData\Local\Programs\Python\Python313\python.exe
cachedir: .pytest_cache
rootdir: C:\Users\matte\Desktop\PlannerV2\backend
configfile: pytest.ini
plugins: anyio-4.12.1, asyncio-1.3.0
asyncio: mode=Mode.AUTO, debug=False, asyncio_default_fixture_loop_scope=function, asyncio_default_test_loop_scope=function
collecting ... collected 11 items

backend\tests\test_api.py::TestHealthCheck::test_api_reachable PASSED    [  9%]
backend\tests\test_api.py::TestAuthentication::test_register_employee PASSED [ 18%]
backend\tests\test_api.py::TestAuthentication::test_register_manager_without_pin_fails PASSED [ 27%]
backend\tests\test_api.py::TestAuthentication::test_register_manager_wrong_pin_fails PASSED [ 36%]
backend\tests\test_api.py::TestAuthentication::test_login_success FAILED [ 45%]
backend\tests\test_api.py::TestAuthentication::test_login_wrong_password FAILED [ 54%]
backend\tests\test_api.py::TestManagerEndpoints::test_create_role ERROR  [ 63%]
backend\tests\test_api.py::TestManagerEndpoints::test_create_shift ERROR [ 72%]
backend\tests\test_api.py::TestManagerEndpoints::test_create_duplicate_shift_fails ERROR [ 81%]
backend\tests\test_api.py::TestManagerEndpoints::test_get_users_returns_created_at ERROR [ 90%]
backend\tests\test_api.py::TestSolverLogic::test_full_generation_flow ERROR [100%]

=================================== ERRORS ====================================
___________ ERROR at setup of TestManagerEndpoints.test_create_role ___________

client = <httpx.Client object at 0x00000187E580DA90>

    @pytest.fixture(scope="module")
    def manager_token(client):
        """Create manager account and return token"""
        # Try register first
        response = client.post("/auth/register", json=TEST_MANAGER)
        # Ignore error if exists (unlikely with unique email but safe)
    
        response = client.post("/auth/token", data={
>           "username": TEST_MANAGER["email"],
                        ^^^^^^^^^^^^^^^^^^^^^
            "password": TEST_MANAGER["password"]
        })
E       KeyError: 'email'

backend\tests\test_api.py:46: KeyError
---------------------------- Captured stderr setup ----------------------------
INFO:httpx:HTTP Request: POST http://127.0.0.1:8000/auth/register "HTTP/1.1 400 Bad Request"
----------------------------- Captured log setup ------------------------------
INFO     httpx:_client.py:1025 HTTP Request: POST http://127.0.0.1:8000/auth/register "HTTP/1.1 400 Bad Request"
__________ ERROR at setup of TestManagerEndpoints.test_create_shift ___________

client = <httpx.Client object at 0x00000187E580DA90>

    @pytest.fixture(scope="module")
    def manager_token(client):
        """Create manager account and return token"""
        # Try register first
        response = client.post("/auth/register", json=TEST_MANAGER)
        # Ignore error if exists (unlikely with unique email but safe)
    
        response = client.post("/auth/token", data={
>           "username": TEST_MANAGER["email"],
                        ^^^^^^^^^^^^^^^^^^^^^
            "password": TEST_MANAGER["password"]
        })
E       KeyError: 'email'

backend\tests\test_api.py:46: KeyError
__ ERROR at setup of TestManagerEndpoints.test_create_duplicate_shift_fails ___

client = <httpx.Client object at 0x00000187E580DA90>

    @pytest.fixture(scope="module")
    def manager_token(client):
        """Create manager account and return token"""
        # Try register first
        response = client.post("/auth/register", json=TEST_MANAGER)
        # Ignore error if exists (unlikely with unique email but safe)
    
        response = client.post("/auth/token", data={
>           "username": TEST_MANAGER["email"],
                        ^^^^^^^^^^^^^^^^^^^^^
            "password": TEST_MANAGER["password"]
        })
E       KeyError: 'email'

backend\tests\test_api.py:46: KeyError
__ ERROR at setup of TestManagerEndpoints.test_get_users_returns_created_at ___

client = <httpx.Client object at 0x00000187E580DA90>

    @pytest.fixture(scope="module")
    def manager_token(client):
        """Create manager account and return token"""
        # Try register first
        response = client.post("/auth/register", json=TEST_MANAGER)
        # Ignore error if exists (unlikely with unique email but safe)
    
        response = client.post("/auth/token", data={
>           "username": TEST_MANAGER["email"],
                        ^^^^^^^^^^^^^^^^^^^^^
            "password": TEST_MANAGER["password"]
        })
E       KeyError: 'email'

backend\tests\test_api.py:46: KeyError
_________ ERROR at setup of TestSolverLogic.test_full_generation_flow _________

client = <httpx.Client object at 0x00000187E580DA90>

    @pytest.fixture(scope="module")
    def manager_token(client):
        """Create manager account and return token"""
        # Try register first
        response = client.post("/auth/register", json=TEST_MANAGER)
        # Ignore error if exists (unlikely with unique email but safe)
    
        response = client.post("/auth/token", data={
>           "username": TEST_MANAGER["email"],
                        ^^^^^^^^^^^^^^^^^^^^^
            "password": TEST_MANAGER["password"]
        })
E       KeyError: 'email'

backend\tests\test_api.py:46: KeyError
================================== FAILURES ===================================
____________________ TestAuthentication.test_login_success ____________________

self = <backend.tests.test_api.TestAuthentication object at 0x00000187E57C6060>
client = <httpx.Client object at 0x00000187E580DA90>

    def test_login_success(self, client):
        # Ensure manager exists first
        client.post("/auth/register", json=TEST_MANAGER)
        response = client.post("/auth/token", data={
>           "username": TEST_MANAGER["email"],
                        ^^^^^^^^^^^^^^^^^^^^^
            "password": TEST_MANAGER["password"]
        })
E       KeyError: 'email'

backend\tests\test_api.py:94: KeyError
---------------------------- Captured stderr call -----------------------------
INFO:httpx:HTTP Request: POST http://127.0.0.1:8000/auth/register "HTTP/1.1 200 OK"
------------------------------ Captured log call ------------------------------
INFO     httpx:_client.py:1025 HTTP Request: POST http://127.0.0.1:8000/auth/register "HTTP/1.1 200 OK"
________________ TestAuthentication.test_login_wrong_password _________________

self = <backend.tests.test_api.TestAuthentication object at 0x00000187E5826B10>
client = <httpx.Client object at 0x00000187E580DA90>

    def test_login_wrong_password(self, client):
        # Ensure manager exists first
        client.post("/auth/register", json=TEST_MANAGER)
        response = client.post("/auth/token", data={
>           "username": TEST_MANAGER["email"],
                        ^^^^^^^^^^^^^^^^^^^^^
            "password": "wrongpassword"
        })
E       KeyError: 'email'

backend\tests\test_api.py:103: KeyError
---------------------------- Captured stderr call -----------------------------
INFO:httpx:HTTP Request: POST http://127.0.0.1:8000/auth/register "HTTP/1.1 400 Bad Request"
------------------------------ Captured log call ------------------------------
INFO     httpx:_client.py:1025 HTTP Request: POST http://127.0.0.1:8000/auth/register "HTTP/1.1 400 Bad Request"
============================== warnings summary ===============================
backend\app\schemas.py:42
  C:\Users\matte\Desktop\PlannerV2\backend\app\schemas.py:42: PydanticDeprecatedSince20: Support for class-based `config` is deprecated, use ConfigDict instead. Deprecated in Pydantic V2.0 to be removed in V3.0. See Pydantic V2 Migration Guide at https://errors.pydantic.dev/2.12/migration/
    class UserResponse(UserBase):

backend\app\schemas.py:77
  C:\Users\matte\Desktop\PlannerV2\backend\app\schemas.py:77: PydanticDeprecatedSince20: Support for class-based `config` is deprecated, use ConfigDict instead. Deprecated in Pydantic V2.0 to be removed in V3.0. See Pydantic V2 Migration Guide at https://errors.pydantic.dev/2.12/migration/
    class JobRoleResponse(JobRoleBase):

backend\app\schemas.py:108
  C:\Users\matte\Desktop\PlannerV2\backend\app\schemas.py:108: PydanticDeprecatedSince20: Support for class-based `config` is deprecated, use ConfigDict instead. Deprecated in Pydantic V2.0 to be removed in V3.0. See Pydantic V2 Migration Guide at https://errors.pydantic.dev/2.12/migration/
    class ShiftDefResponse(BaseModel):

backend\app\schemas.py:134
  C:\Users\matte\Desktop\PlannerV2\backend\app\schemas.py:134: PydanticDeprecatedSince20: Support for class-based `config` is deprecated, use ConfigDict instead. Deprecated in Pydantic V2.0 to be removed in V3.0. See Pydantic V2 Migration Guide at https://errors.pydantic.dev/2.12/migration/
    class AvailabilityResponse(AvailabilityBase):

backend\app\schemas.py:171
  C:\Users\matte\Desktop\PlannerV2\backend\app\schemas.py:171: PydanticDeprecatedSince20: Support for class-based `config` is deprecated, use ConfigDict instead. Deprecated in Pydantic V2.0 to be removed in V3.0. See Pydantic V2 Migration Guide at https://errors.pydantic.dev/2.12/migration/
    class RequirementResponse(RequirementBase):

backend\app\schemas.py:223
  C:\Users\matte\Desktop\PlannerV2\backend\app\schemas.py:223: PydanticDeprecatedSince20: Support for class-based `config` is deprecated, use ConfigDict instead. Deprecated in Pydantic V2.0 to be removed in V3.0. See Pydantic V2 Migration Guide at https://errors.pydantic.dev/2.12/migration/
    class ConfigResponse(ConfigBase):

backend\app\schemas.py:255
  C:\Users\matte\Desktop\PlannerV2\backend\app\schemas.py:255: PydanticDeprecatedSince20: Support for class-based `config` is deprecated, use ConfigDict instead. Deprecated in Pydantic V2.0 to be removed in V3.0. See Pydantic V2 Migration Guide at https://errors.pydantic.dev/2.12/migration/
    class AttendanceResponse(AttendanceBase):

-- Docs: https://docs.pytest.org/en/stable/how-to/capture-warnings.html
=========================== short test summary info ===========================
FAILED backend\tests\test_api.py::TestAuthentication::test_login_success - Ke...
FAILED backend\tests\test_api.py::TestAuthentication::test_login_wrong_password
ERROR backend\tests\test_api.py::TestManagerEndpoints::test_create_role - Key...
ERROR backend\tests\test_api.py::TestManagerEndpoints::test_create_shift - Ke...
ERROR backend\tests\test_api.py::TestManagerEndpoints::test_create_duplicate_shift_fails
ERROR backend\tests\test_api.py::TestManagerEndpoints::test_get_users_returns_created_at
ERROR backend\tests\test_api.py::TestSolverLogic::test_full_generation_flow
============== 2 failed, 4 passed, 7 warnings, 5 errors in 0.71s ==============
